// Jest Snapshot v1, https://goo.gl/fbAQLP

exports[`<Image/> should render loading placeholder when using lazy prop 1`] = `
<div>
  <span
    class="fnx-image"
  >
    <img
      class="fnx-image__img"
      src="https://dummyimage.com/200x200/000/fff.jpg"
      style="object-fit: fill;"
    />
    <span
      class="fnx-image__loading"
    >
      <span
        class="fnx-icon"
      >
        <svg
          aria-hidden="true"
          fill="currentColor"
          focusable="false"
          height="1em"
          viewBox="0 0 1024 1024"
          width="1em"
        >
          <path
            d="M312.916992 284.422144c-47.104 0-85.332992 38.228992-85.332992 85.332992s38.228992 85.332992 85.332992 85.332992 85.334016-38.228992 85.334016-85.332992-38.230016-85.332992-85.334016-85.332992m356.665344 51.10784c-22.868992-26.73664-64.340992-26.452992-86.868992 0.626688L341.332992 625.77664l-73.499648-73.556992c-22.244352-22.243328-58.25536-22.243328-80.498688 0l-73.556992 73.556992V227.555328H910.22336v388.721664l-240.64-280.745984z m240.64-164.864H113.77664c-31.403008 0-56.88832 25.430016-56.88832 56.889344v568.88832c0 31.403008 25.485312 56.889344 56.88832 56.889344H910.22336c31.459328 0 56.88832-25.486336 56.88832-56.88832V227.555328c0-31.459328-25.428992-56.88832-56.88832-56.88832z"
          />
        </svg>
      </span>
    </span>
  </span>
</div>
`;

exports[`<Image/> should show alt tip when alt is set 1`] = `
<div>
  <span
    class="fnx-image"
    data-testid="image"
    style="width: 100%; height: 27vw;"
  >
    <img
      alt="there is img alt"
      class="fnx-image__img"
      src="https://dummyimage.com/200x200/000/fff.jpg"
      style="object-fit: fill;"
    />
    <span
      class="fnx-image__loading"
    >
      <span
        class="fnx-icon"
      >
        <svg
          aria-hidden="true"
          fill="currentColor"
          focusable="false"
          height="1em"
          viewBox="0 0 1024 1024"
          width="1em"
        >
          <path
            d="M312.916992 284.422144c-47.104 0-85.332992 38.228992-85.332992 85.332992s38.228992 85.332992 85.332992 85.332992 85.334016-38.228992 85.334016-85.332992-38.230016-85.332992-85.334016-85.332992m356.665344 51.10784c-22.868992-26.73664-64.340992-26.452992-86.868992 0.626688L341.332992 625.77664l-73.499648-73.556992c-22.244352-22.243328-58.25536-22.243328-80.498688 0l-73.556992 73.556992V227.555328H910.22336v388.721664l-240.64-280.745984z m240.64-164.864H113.77664c-31.403008 0-56.88832 25.430016-56.88832 56.889344v568.88832c0 31.403008 25.485312 56.889344 56.88832 56.889344H910.22336c31.459328 0 56.88832-25.486336 56.88832-56.88832V227.555328c0-31.459328-25.428992-56.88832-56.88832-56.88832z"
          />
        </svg>
      </span>
    </span>
  </span>
</div>
`;

exports[`<Image/> should show border-radius when radius is set 1`] = `
<div>
  <span
    class="fnx-image"
    data-testid="image"
    style="width: 100%; height: 27vw; overflow: hidden; border-radius: 10px;"
  >
    <img
      class="fnx-image__img"
      src="https://dummyimage.com/200x200/000/fff.jpg"
      style="object-fit: fill;"
    />
    <span
      class="fnx-image__loading"
    >
      <span
        class="fnx-icon"
      >
        <svg
          aria-hidden="true"
          fill="currentColor"
          focusable="false"
          height="1em"
          viewBox="0 0 1024 1024"
          width="1em"
        >
          <path
            d="M312.916992 284.422144c-47.104 0-85.332992 38.228992-85.332992 85.332992s38.228992 85.332992 85.332992 85.332992 85.334016-38.228992 85.334016-85.332992-38.230016-85.332992-85.334016-85.332992m356.665344 51.10784c-22.868992-26.73664-64.340992-26.452992-86.868992 0.626688L341.332992 625.77664l-73.499648-73.556992c-22.244352-22.243328-58.25536-22.243328-80.498688 0l-73.556992 73.556992V227.555328H910.22336v388.721664l-240.64-280.745984z m240.64-164.864H113.77664c-31.403008 0-56.88832 25.430016-56.88832 56.889344v568.88832c0 31.403008 25.485312 56.889344 56.88832 56.889344H910.22336c31.459328 0 56.88832-25.486336 56.88832-56.88832V227.555328c0-31.459328-25.428992-56.88832-56.88832-56.88832z"
          />
        </svg>
      </span>
    </span>
  </span>
</div>
`;

exports[`<Image/> should show correctly when set width,height,src 1`] = `
<div>
  <span
    class="fnx-image"
    data-testid="image"
    style="width: 100px; height: 100px;"
  >
    <img
      class="fnx-image__img"
      src="https://dummyimage.com/200x200/000/fff.jpg"
      style="object-fit: fill;"
    />
    <span
      class="fnx-image__loading"
    >
      <span
        class="fnx-icon"
      >
        <svg
          aria-hidden="true"
          fill="currentColor"
          focusable="false"
          height="1em"
          viewBox="0 0 1024 1024"
          width="1em"
        >
          <path
            d="M312.916992 284.422144c-47.104 0-85.332992 38.228992-85.332992 85.332992s38.228992 85.332992 85.332992 85.332992 85.334016-38.228992 85.334016-85.332992-38.230016-85.332992-85.334016-85.332992m356.665344 51.10784c-22.868992-26.73664-64.340992-26.452992-86.868992 0.626688L341.332992 625.77664l-73.499648-73.556992c-22.244352-22.243328-58.25536-22.243328-80.498688 0l-73.556992 73.556992V227.555328H910.22336v388.721664l-240.64-280.745984z m240.64-164.864H113.77664c-31.403008 0-56.88832 25.430016-56.88832 56.889344v568.88832c0 31.403008 25.485312 56.889344 56.88832 56.889344H910.22336c31.459328 0 56.88832-25.486336 56.88832-56.88832V227.555328c0-31.459328-25.428992-56.88832-56.88832-56.88832z"
          />
        </svg>
      </span>
    </span>
  </span>
</div>
`;

exports[`<Image/> should show define error span and trigger onError 1`] = `
<div>
  <span
    class="fnx-image"
    data-testid="image"
    style="width: 100%; height: 27vw;"
  >
    <span
      class="fnx-image__error"
    >
      Error
    </span>
  </span>
</div>
`;

exports[`<Image/> should show define load render 1`] = `
<div>
  <span
    class="fnx-image"
    data-testid="image"
    style="width: 100%; height: 27vw;"
  >
    <span
      class="fnx-image__loading"
    >
      Loading..
    </span>
  </span>
</div>
`;

exports[`<Image/> should show fit and round style correctly 1`] = `
<div>
  <span
    class="fnx-image fnx-image--round"
    data-testid="image"
    style="width: 100px; height: 100px;"
  >
    <img
      class="fnx-image__img"
      src="https://dummyimage.com/200x200/000/fff.jpg"
      style="object-fit: cover;"
    />
    <span
      class="fnx-image__loading"
    >
      <span
        class="fnx-icon"
      >
        <svg
          aria-hidden="true"
          fill="currentColor"
          focusable="false"
          height="1em"
          viewBox="0 0 1024 1024"
          width="1em"
        >
          <path
            d="M312.916992 284.422144c-47.104 0-85.332992 38.228992-85.332992 85.332992s38.228992 85.332992 85.332992 85.332992 85.334016-38.228992 85.334016-85.332992-38.230016-85.332992-85.334016-85.332992m356.665344 51.10784c-22.868992-26.73664-64.340992-26.452992-86.868992 0.626688L341.332992 625.77664l-73.499648-73.556992c-22.244352-22.243328-58.25536-22.243328-80.498688 0l-73.556992 73.556992V227.555328H910.22336v388.721664l-240.64-280.745984z m240.64-164.864H113.77664c-31.403008 0-56.88832 25.430016-56.88832 56.889344v568.88832c0 31.403008 25.485312 56.889344 56.88832 56.889344H910.22336c31.459328 0 56.88832-25.486336 56.88832-56.88832V227.555328c0-31.459328-25.428992-56.88832-56.88832-56.88832z"
          />
        </svg>
      </span>
    </span>
  </span>
</div>
`;
