// Jest Snapshot v1, https://goo.gl/fbAQLP

exports[`<Checkbox/> icons 1`] = `
<div>
  <div
    aria-checked="false"
    class="fnx-checkbox"
    role="checkbox"
    tabindex="0"
  >
    <span
      class="fnx-checkbox__icon"
    >
      <span>
        no-check
      </span>
    </span>
    <span
      class="fnx-checkbox__label"
    >
      box1
    </span>
  </div>
</div>
`;
