// Jest Snapshot v1, https://goo.gl/fbAQLP

exports[`<Collapse/> should render CollapseItem correctly 1`] = `
<div>
  <div
    class="fnx-collapse"
  >
    <div
      class="fnx-collapse-item fnx-collapse-item--expended"
      data-fnx-collapse-item-key="0"
    >
      <div
        class="fnx-cell fnx-cell--align-top fnx-cell--clickable fnx-collapse-item__header"
        role="button"
        tabindex="0"
      >
        <span
          class="fnx-cell__left-icon"
        >
          <span
            class="fnx-icon"
          >
            <svg
              aria-hidden="true"
              fill="currentColor"
              focusable="false"
              height="1em"
              viewBox="0 0 1024 1024"
              width="1em"
            >
              <path
                d="M122.28096 536.623104c-9.940992-9.925632-11.548672-25.360384-2.78528-36.407296l20.487168-25.828352c8.397824-10.58816 24.108032-13.246464 35.211264-5.835776l177.3312 118.35904c9.353216 6.243328 25.452544 5.430272 34.185216-1.654784l468.5824-380.16c10.532864-8.54528 27.030528-7.817216 36.261888 1.400832l11.542528 11.52512c10.04544 10.03008 9.314304 25.951232-1.215488 36.465664l-502.92736 502.183936c-15.64672 15.624192-41.337856 14.94016-57.445376-1.142784l-219.22816-218.9056z"
              />
            </svg>
          </span>
        </span>
        <div
          class="fnx-cell__title"
        >
          title
        </div>
        <div
          class="fnx-cell__content"
        >
          content
        </div>
        <span
          class="fnx-cell__right-icon"
        >
          <span
            class="fnx-icon fnx-collapse-item__arrow"
          >
            <svg
              aria-hidden="true"
              fill="currentColor"
              focusable="false"
              height="1em"
              viewBox="0 0 1024 1024"
              width="1em"
            >
              <path
                d="M728.223744 520.22784a42.467328 42.467328 0 0 1-11.393024 20.503552L374.90688 882.65728c-16.662528 16.662528-43.677696 16.662528-60.340224 0s-16.662528-43.677696 0-60.340224L626.449408 510.43328 314.614784 198.598656c-16.662528-16.662528-16.662528-43.677696 0-60.340224 16.661504-16.662528 43.676672-16.662528 60.3392 0L716.879872 480.18432c10.860544 10.860544 14.642176 26.120192 11.343872 40.04352z"
              />
            </svg>
          </span>
        </span>
      </div>
      <div
        class="fnx-collapse-item__content-wrapper"
        style="transition-duration: 300ms;"
      >
        <div
          class="fnx-collapse-item__content"
        >
          content
        </div>
      </div>
    </div>
  </div>
</div>
`;
