// Jest Snapshot v1, https://goo.gl/fbAQLP

exports[`<Uploader/> render children 1`] = `
<div>
  <div
    class="fnx-uploader"
  >
    <div
      class="fnx-uploader__wrapper"
    >
      <div
        class="fnx-uploader__input-wrapper"
      >
        <div>
          children
        </div>
        <input
          class="fnx-uploader__input"
          type="file"
        />
      </div>
    </div>
  </div>
</div>
`;

exports[`<Uploader/> test remove 1`] = `
<div>
  <div
    class="fnx-uploader"
  >
    <div
      class="fnx-uploader__wrapper"
    >
      <div
        class="fnx-uploader__preview"
      >
        <div
          class="fnx-uploader__file"
        >
          <span
            class="fnx-icon fnx-uploader__file-icon"
          >
            <svg
              aria-hidden="true"
              fill="currentColor"
              focusable="false"
              height="1em"
              viewBox="0 0 1024 1024"
              width="1em"
            >
              <path
                d="M625.777664 886.670336V739.555328h147.115008L625.77664 886.67136z m-398.222336 23.552V113.77664h568.889344v568.889344H625.77664c-31.459328 0-56.88832 25.428992-56.88832 56.88832V910.22336H227.555328zM796.444672 56.889344H227.555328c-31.459328 0-56.88832 25.428992-56.88832 56.88832V910.22336c0 31.459328 25.428992 56.88832 56.88832 56.88832h374.67136a56.83712 56.83712 0 0 0 40.219648-16.667648l40.220672-40.220672 113.77664-113.777664 40.221696-40.220672c10.694656-10.638336 16.667648-25.145344 16.667648-40.220672v-602.22464c0-31.460352-25.428992-56.889344-56.88832-56.889344z m-142.22336 170.672128H369.778688c-15.700992 0-28.444672 12.742656-28.444672 28.444672 0 15.700992 12.74368 28.443648 28.444672 28.443648H654.22336c15.700992 0 28.444672-12.742656 28.444672-28.443648 0-15.702016-12.74368-28.444672-28.444672-28.444672m0 113.77664H369.77664c-15.700992 0-28.444672 12.74368-28.444672 28.445696 0 15.700992 12.74368 28.443648 28.444672 28.443648H654.22336c15.700992 0 28.444672-12.742656 28.444672-28.443648 0-15.702016-12.74368-28.444672-28.444672-28.444672M540.444672 455.1168H369.77664c-15.700992 0-28.444672 12.742656-28.444672 28.444672 0 15.700992 12.74368 28.444672 28.444672 28.444672h170.667008c15.700992 0 28.444672-12.74368 28.444672-28.444672 0-15.702016-12.74368-28.444672-28.444672-28.444672"
              />
            </svg>
          </span>
          <div
            class="fnx-uploader__file-name"
          />
        </div>
        <div
          class="fnx-uploader__preview-remove"
          role="button"
          tabindex="0"
        >
          <span
            class="fnx-icon fnx-uploader__preview-remove-icon"
          >
            <svg
              aria-hidden="true"
              fill="currentColor"
              focusable="false"
              height="1em"
              viewBox="0 0 1024 1024"
              width="1em"
            >
              <path
                d="M573.592576 513.252352l261.472256 261.472256c16.662528 16.662528 16.662528 43.677696 0 60.340224s-43.677696 16.662528-60.340224 0L513.252352 573.592576 251.78112 835.064832c-16.662528 16.662528-43.677696 16.662528-60.3392 0-16.662528-16.662528-16.662528-43.677696 0-60.340224l261.472256-261.472256L191.440896 251.78112c-16.662528-16.662528-16.662528-43.677696 0-60.3392 16.661504-16.662528 43.676672-16.662528 60.3392 0l261.472256 261.472256 261.472256-261.472256c16.662528-16.662528 43.677696-16.662528 60.340224 0 16.662528 16.661504 16.662528 43.676672 0 60.3392L573.592576 513.252352z"
              />
            </svg>
          </span>
        </div>
      </div>
      <div
        class="fnx-uploader__preview"
      >
        <span
          class="fnx-image fnx-uploader__preview-image"
        >
          <img
            class="fnx-image__img"
            src="https://dummyimage.com/50/fff.png"
            style="object-fit: cover;"
          />
          <span
            class="fnx-image__loading"
          >
            <span
              class="fnx-icon"
            >
              <svg
                aria-hidden="true"
                fill="currentColor"
                focusable="false"
                height="1em"
                viewBox="0 0 1024 1024"
                width="1em"
              >
                <path
                  d="M312.916992 284.422144c-47.104 0-85.332992 38.228992-85.332992 85.332992s38.228992 85.332992 85.332992 85.332992 85.334016-38.228992 85.334016-85.332992-38.230016-85.332992-85.334016-85.332992m356.665344 51.10784c-22.868992-26.73664-64.340992-26.452992-86.868992 0.626688L341.332992 625.77664l-73.499648-73.556992c-22.244352-22.243328-58.25536-22.243328-80.498688 0l-73.556992 73.556992V227.555328H910.22336v388.721664l-240.64-280.745984z m240.64-164.864H113.77664c-31.403008 0-56.88832 25.430016-56.88832 56.889344v568.88832c0 31.403008 25.485312 56.889344 56.88832 56.889344H910.22336c31.459328 0 56.88832-25.486336 56.88832-56.88832V227.555328c0-31.459328-25.428992-56.88832-56.88832-56.88832z"
                />
              </svg>
            </span>
          </span>
        </span>
        <div
          class="fnx-uploader__preview-remove"
          role="button"
          tabindex="0"
        >
          <span
            class="fnx-icon fnx-uploader__preview-remove-icon"
          >
            <svg
              aria-hidden="true"
              fill="currentColor"
              focusable="false"
              height="1em"
              viewBox="0 0 1024 1024"
              width="1em"
            >
              <path
                d="M573.592576 513.252352l261.472256 261.472256c16.662528 16.662528 16.662528 43.677696 0 60.340224s-43.677696 16.662528-60.340224 0L513.252352 573.592576 251.78112 835.064832c-16.662528 16.662528-43.677696 16.662528-60.3392 0-16.662528-16.662528-16.662528-43.677696 0-60.340224l261.472256-261.472256L191.440896 251.78112c-16.662528-16.662528-16.662528-43.677696 0-60.3392 16.661504-16.662528 43.676672-16.662528 60.3392 0l261.472256 261.472256 261.472256-261.472256c16.662528-16.662528 43.677696-16.662528 60.340224 0 16.662528 16.661504 16.662528 43.676672 0 60.3392L573.592576 513.252352z"
              />
            </svg>
          </span>
        </div>
      </div>
      <div
        class="fnx-uploader__upload"
      >
        <span
          class="fnx-icon fnx-uploader__upload-icon"
        >
          <svg
            aria-hidden="true"
            fill="currentColor"
            focusable="false"
            height="1em"
            viewBox="0 0 1024 1024"
            width="1em"
          >
            <path
              d="M550.4 550.4v332.8c0 21.20704-17.19296 38.4-38.4 38.4s-38.4-17.19296-38.4-38.4v-332.8h-332.8c-21.20704 0-38.4-17.19296-38.4-38.4s17.19296-38.4 38.4-38.4h332.8v-332.8c0-21.20704 17.19296-38.4 38.4-38.4s38.4 17.19296 38.4 38.4v332.8h332.8c21.20704 0 38.4 17.19296 38.4 38.4s-17.19296 38.4-38.4 38.4h-332.8z"
            />
          </svg>
        </span>
        <span
          class="fnx-uploader__upload-text"
        >
          Upload
        </span>
        <input
          class="fnx-uploader__input"
          type="file"
        />
      </div>
    </div>
  </div>
</div>
`;

exports[`<Uploader/> test remove 2`] = `
<div>
  <div
    class="fnx-uploader"
  >
    <div
      class="fnx-uploader__wrapper"
    >
      <div
        class="fnx-uploader__preview"
      >
        <div
          class="fnx-uploader__file"
        >
          <span
            class="fnx-icon fnx-uploader__file-icon"
          >
            <svg
              aria-hidden="true"
              fill="currentColor"
              focusable="false"
              height="1em"
              viewBox="0 0 1024 1024"
              width="1em"
            >
              <path
                d="M625.777664 886.670336V739.555328h147.115008L625.77664 886.67136z m-398.222336 23.552V113.77664h568.889344v568.889344H625.77664c-31.459328 0-56.88832 25.428992-56.88832 56.88832V910.22336H227.555328zM796.444672 56.889344H227.555328c-31.459328 0-56.88832 25.428992-56.88832 56.88832V910.22336c0 31.459328 25.428992 56.88832 56.88832 56.88832h374.67136a56.83712 56.83712 0 0 0 40.219648-16.667648l40.220672-40.220672 113.77664-113.777664 40.221696-40.220672c10.694656-10.638336 16.667648-25.145344 16.667648-40.220672v-602.22464c0-31.460352-25.428992-56.889344-56.88832-56.889344z m-142.22336 170.672128H369.778688c-15.700992 0-28.444672 12.742656-28.444672 28.444672 0 15.700992 12.74368 28.443648 28.444672 28.443648H654.22336c15.700992 0 28.444672-12.742656 28.444672-28.443648 0-15.702016-12.74368-28.444672-28.444672-28.444672m0 113.77664H369.77664c-15.700992 0-28.444672 12.74368-28.444672 28.445696 0 15.700992 12.74368 28.443648 28.444672 28.443648H654.22336c15.700992 0 28.444672-12.742656 28.444672-28.443648 0-15.702016-12.74368-28.444672-28.444672-28.444672M540.444672 455.1168H369.77664c-15.700992 0-28.444672 12.742656-28.444672 28.444672 0 15.700992 12.74368 28.444672 28.444672 28.444672h170.667008c15.700992 0 28.444672-12.74368 28.444672-28.444672 0-15.702016-12.74368-28.444672-28.444672-28.444672"
              />
            </svg>
          </span>
          <div
            class="fnx-uploader__file-name"
          />
        </div>
        <div
          class="fnx-uploader__preview-remove"
          role="button"
          tabindex="0"
        >
          <span
            class="fnx-icon fnx-uploader__preview-remove-icon"
          >
            <svg
              aria-hidden="true"
              fill="currentColor"
              focusable="false"
              height="1em"
              viewBox="0 0 1024 1024"
              width="1em"
            >
              <path
                d="M573.592576 513.252352l261.472256 261.472256c16.662528 16.662528 16.662528 43.677696 0 60.340224s-43.677696 16.662528-60.340224 0L513.252352 573.592576 251.78112 835.064832c-16.662528 16.662528-43.677696 16.662528-60.3392 0-16.662528-16.662528-16.662528-43.677696 0-60.340224l261.472256-261.472256L191.440896 251.78112c-16.662528-16.662528-16.662528-43.677696 0-60.3392 16.661504-16.662528 43.676672-16.662528 60.3392 0l261.472256 261.472256 261.472256-261.472256c16.662528-16.662528 43.677696-16.662528 60.340224 0 16.662528 16.661504 16.662528 43.676672 0 60.3392L573.592576 513.252352z"
              />
            </svg>
          </span>
        </div>
      </div>
      <div
        class="fnx-uploader__preview"
      >
        <span
          class="fnx-image fnx-uploader__preview-image"
        >
          <img
            class="fnx-image__img"
            src="https://dummyimage.com/50/fff.png"
            style="object-fit: cover;"
          />
          <span
            class="fnx-image__loading"
          >
            <span
              class="fnx-icon"
            >
              <svg
                aria-hidden="true"
                fill="currentColor"
                focusable="false"
                height="1em"
                viewBox="0 0 1024 1024"
                width="1em"
              >
                <path
                  d="M312.916992 284.422144c-47.104 0-85.332992 38.228992-85.332992 85.332992s38.228992 85.332992 85.332992 85.332992 85.334016-38.228992 85.334016-85.332992-38.230016-85.332992-85.334016-85.332992m356.665344 51.10784c-22.868992-26.73664-64.340992-26.452992-86.868992 0.626688L341.332992 625.77664l-73.499648-73.556992c-22.244352-22.243328-58.25536-22.243328-80.498688 0l-73.556992 73.556992V227.555328H910.22336v388.721664l-240.64-280.745984z m240.64-164.864H113.77664c-31.403008 0-56.88832 25.430016-56.88832 56.889344v568.88832c0 31.403008 25.485312 56.889344 56.88832 56.889344H910.22336c31.459328 0 56.88832-25.486336 56.88832-56.88832V227.555328c0-31.459328-25.428992-56.88832-56.88832-56.88832z"
                />
              </svg>
            </span>
          </span>
        </span>
        <div
          class="fnx-uploader__preview-remove"
          role="button"
          tabindex="0"
        >
          <span
            class="fnx-icon fnx-uploader__preview-remove-icon"
          >
            <svg
              aria-hidden="true"
              fill="currentColor"
              focusable="false"
              height="1em"
              viewBox="0 0 1024 1024"
              width="1em"
            >
              <path
                d="M573.592576 513.252352l261.472256 261.472256c16.662528 16.662528 16.662528 43.677696 0 60.340224s-43.677696 16.662528-60.340224 0L513.252352 573.592576 251.78112 835.064832c-16.662528 16.662528-43.677696 16.662528-60.3392 0-16.662528-16.662528-16.662528-43.677696 0-60.340224l261.472256-261.472256L191.440896 251.78112c-16.662528-16.662528-16.662528-43.677696 0-60.3392 16.661504-16.662528 43.676672-16.662528 60.3392 0l261.472256 261.472256 261.472256-261.472256c16.662528-16.662528 43.677696-16.662528 60.340224 0 16.662528 16.661504 16.662528 43.676672 0 60.3392L573.592576 513.252352z"
              />
            </svg>
          </span>
        </div>
      </div>
      <div
        class="fnx-uploader__upload"
      >
        <span
          class="fnx-icon fnx-uploader__upload-icon"
        >
          <svg
            aria-hidden="true"
            fill="currentColor"
            focusable="false"
            height="1em"
            viewBox="0 0 1024 1024"
            width="1em"
          >
            <path
              d="M550.4 550.4v332.8c0 21.20704-17.19296 38.4-38.4 38.4s-38.4-17.19296-38.4-38.4v-332.8h-332.8c-21.20704 0-38.4-17.19296-38.4-38.4s17.19296-38.4 38.4-38.4h332.8v-332.8c0-21.20704 17.19296-38.4 38.4-38.4s38.4 17.19296 38.4 38.4v332.8h332.8c21.20704 0 38.4 17.19296 38.4 38.4s-17.19296 38.4-38.4 38.4h-332.8z"
            />
          </svg>
        </span>
        <span
          class="fnx-uploader__upload-text"
        >
          Upload
        </span>
        <input
          class="fnx-uploader__input"
          type="file"
        />
      </div>
    </div>
  </div>
</div>
`;

exports[`<Uploader/> test remove 3`] = `
<div>
  <div
    class="fnx-uploader"
  >
    <div
      class="fnx-uploader__wrapper"
    >
      <div
        class="fnx-uploader__preview"
      >
        <span
          class="fnx-image fnx-uploader__preview-image"
        >
          <img
            class="fnx-image__img"
            src="https://dummyimage.com/50/fff.png"
            style="object-fit: cover;"
          />
          <span
            class="fnx-image__loading"
          >
            <span
              class="fnx-icon"
            >
              <svg
                aria-hidden="true"
                fill="currentColor"
                focusable="false"
                height="1em"
                viewBox="0 0 1024 1024"
                width="1em"
              >
                <path
                  d="M312.916992 284.422144c-47.104 0-85.332992 38.228992-85.332992 85.332992s38.228992 85.332992 85.332992 85.332992 85.334016-38.228992 85.334016-85.332992-38.230016-85.332992-85.334016-85.332992m356.665344 51.10784c-22.868992-26.73664-64.340992-26.452992-86.868992 0.626688L341.332992 625.77664l-73.499648-73.556992c-22.244352-22.243328-58.25536-22.243328-80.498688 0l-73.556992 73.556992V227.555328H910.22336v388.721664l-240.64-280.745984z m240.64-164.864H113.77664c-31.403008 0-56.88832 25.430016-56.88832 56.889344v568.88832c0 31.403008 25.485312 56.889344 56.88832 56.889344H910.22336c31.459328 0 56.88832-25.486336 56.88832-56.88832V227.555328c0-31.459328-25.428992-56.88832-56.88832-56.88832z"
                />
              </svg>
            </span>
          </span>
        </span>
        <div
          class="fnx-uploader__preview-remove"
          role="button"
          tabindex="0"
        >
          <span
            class="fnx-icon fnx-uploader__preview-remove-icon"
          >
            <svg
              aria-hidden="true"
              fill="currentColor"
              focusable="false"
              height="1em"
              viewBox="0 0 1024 1024"
              width="1em"
            >
              <path
                d="M573.592576 513.252352l261.472256 261.472256c16.662528 16.662528 16.662528 43.677696 0 60.340224s-43.677696 16.662528-60.340224 0L513.252352 573.592576 251.78112 835.064832c-16.662528 16.662528-43.677696 16.662528-60.3392 0-16.662528-16.662528-16.662528-43.677696 0-60.340224l261.472256-261.472256L191.440896 251.78112c-16.662528-16.662528-16.662528-43.677696 0-60.3392 16.661504-16.662528 43.676672-16.662528 60.3392 0l261.472256 261.472256 261.472256-261.472256c16.662528-16.662528 43.677696-16.662528 60.340224 0 16.662528 16.661504 16.662528 43.676672 0 60.3392L573.592576 513.252352z"
              />
            </svg>
          </span>
        </div>
      </div>
      <div
        class="fnx-uploader__upload"
      >
        <span
          class="fnx-icon fnx-uploader__upload-icon"
        >
          <svg
            aria-hidden="true"
            fill="currentColor"
            focusable="false"
            height="1em"
            viewBox="0 0 1024 1024"
            width="1em"
          >
            <path
              d="M550.4 550.4v332.8c0 21.20704-17.19296 38.4-38.4 38.4s-38.4-17.19296-38.4-38.4v-332.8h-332.8c-21.20704 0-38.4-17.19296-38.4-38.4s17.19296-38.4 38.4-38.4h332.8v-332.8c0-21.20704 17.19296-38.4 38.4-38.4s38.4 17.19296 38.4 38.4v332.8h332.8c21.20704 0 38.4 17.19296 38.4 38.4s-17.19296 38.4-38.4 38.4h-332.8z"
            />
          </svg>
        </span>
        <span
          class="fnx-uploader__upload-text"
        >
          Upload
        </span>
        <input
          class="fnx-uploader__input"
          type="file"
        />
      </div>
    </div>
  </div>
</div>
`;

exports[`<Uploader/> thumbnail 1`] = `
<div>
  <div
    class="fnx-uploader"
  >
    <div
      class="fnx-uploader__wrapper"
    >
      <div
        class="fnx-uploader__preview"
      >
        <span
          class="fnx-image fnx-uploader__preview-image"
        >
          <img
            class="fnx-image__img"
            src="https://dummyimage.com/300x200/fff.png"
            style="object-fit: cover;"
          />
          <span
            class="fnx-image__loading"
          >
            <span
              class="fnx-icon"
            >
              <svg
                aria-hidden="true"
                fill="currentColor"
                focusable="false"
                height="1em"
                viewBox="0 0 1024 1024"
                width="1em"
              >
                <path
                  d="M312.916992 284.422144c-47.104 0-85.332992 38.228992-85.332992 85.332992s38.228992 85.332992 85.332992 85.332992 85.334016-38.228992 85.334016-85.332992-38.230016-85.332992-85.334016-85.332992m356.665344 51.10784c-22.868992-26.73664-64.340992-26.452992-86.868992 0.626688L341.332992 625.77664l-73.499648-73.556992c-22.244352-22.243328-58.25536-22.243328-80.498688 0l-73.556992 73.556992V227.555328H910.22336v388.721664l-240.64-280.745984z m240.64-164.864H113.77664c-31.403008 0-56.88832 25.430016-56.88832 56.889344v568.88832c0 31.403008 25.485312 56.889344 56.88832 56.889344H910.22336c31.459328 0 56.88832-25.486336 56.88832-56.88832V227.555328c0-31.459328-25.428992-56.88832-56.88832-56.88832z"
                />
              </svg>
            </span>
          </span>
        </span>
        <div
          class="fnx-uploader__mask"
        >
          <span
            class="fnx-icon fnx-uploader__mask-icon-loading"
          >
            <svg
              aria-hidden="true"
              class="fnx-icon__spinner"
              fill="currentColor"
              focusable="false"
              height="1em"
              viewBox="25 25 50 50"
              width="1em"
            >
              <circle
                cx="50"
                cy="50"
                fill="none"
                r="20"
              />
            </svg>
          </span>
        </div>
      </div>
      <div
        class="fnx-uploader__preview"
      >
        <span
          class="fnx-image fnx-uploader__preview-image"
        >
          <img
            class="fnx-image__img"
            src="https://dummyimage.com/300x200/fff.png"
            style="object-fit: cover;"
          />
          <span
            class="fnx-image__loading"
          >
            <span
              class="fnx-icon"
            >
              <svg
                aria-hidden="true"
                fill="currentColor"
                focusable="false"
                height="1em"
                viewBox="0 0 1024 1024"
                width="1em"
              >
                <path
                  d="M312.916992 284.422144c-47.104 0-85.332992 38.228992-85.332992 85.332992s38.228992 85.332992 85.332992 85.332992 85.334016-38.228992 85.334016-85.332992-38.230016-85.332992-85.334016-85.332992m356.665344 51.10784c-22.868992-26.73664-64.340992-26.452992-86.868992 0.626688L341.332992 625.77664l-73.499648-73.556992c-22.244352-22.243328-58.25536-22.243328-80.498688 0l-73.556992 73.556992V227.555328H910.22336v388.721664l-240.64-280.745984z m240.64-164.864H113.77664c-31.403008 0-56.88832 25.430016-56.88832 56.889344v568.88832c0 31.403008 25.485312 56.889344 56.88832 56.889344H910.22336c31.459328 0 56.88832-25.486336 56.88832-56.88832V227.555328c0-31.459328-25.428992-56.88832-56.88832-56.88832z"
                />
              </svg>
            </span>
          </span>
        </span>
        <div
          class="fnx-uploader__mask"
        >
          <span
            class="fnx-icon fnx-uploader__mask-icon"
          >
            <svg
              aria-hidden="true"
              fill="currentColor"
              focusable="false"
              height="1em"
              viewBox="0 0 1024 1024"
              width="1em"
            >
              <path
                d="M511.65696 471.998464l140.791808-140.792832c11.108352-11.108352 29.118464-11.108352 40.226816 0 11.108352 11.108352 11.108352 29.118464 0 40.226816L551.882752 512.22528l140.792832 140.792832c11.108352 11.108352 11.108352 29.118464 0 40.226816-11.108352 11.108352-29.118464 11.108352-40.226816 0L511.65696 552.452096 370.864128 693.244928c-11.108352 11.108352-29.118464 11.108352-40.226816 0-11.108352-11.108352-11.108352-29.118464 0-40.226816L471.42912 512.22528 330.637312 371.432448c-11.108352-11.108352-11.108352-29.118464 0-40.226816 11.108352-11.108352 29.118464-11.108352 40.226816 0l140.792832 140.792832z"
              />
              <path
                d="M512 910.222336c219.931648 0 398.222336-178.290688 398.222336-398.222336 0-219.931648-178.290688-398.222336-398.222336-398.222336-219.931648 0-398.222336 178.290688-398.222336 398.222336 0 219.931648 178.290688 398.222336 398.222336 398.222336z m0 56.88832C260.64896 967.110656 56.889344 763.35104 56.889344 512S260.64896 56.889344 512 56.889344 967.110656 260.64896 967.110656 512 763.35104 967.110656 512 967.110656z"
              />
            </svg>
          </span>
          <div
            class="fnx-uploader__mask-message"
          >
            failed
          </div>
        </div>
        <div
          class="fnx-uploader__preview-remove"
          role="button"
          tabindex="0"
        >
          <span
            class="fnx-icon fnx-uploader__preview-remove-icon"
          >
            <svg
              aria-hidden="true"
              fill="currentColor"
              focusable="false"
              height="1em"
              viewBox="0 0 1024 1024"
              width="1em"
            >
              <path
                d="M573.592576 513.252352l261.472256 261.472256c16.662528 16.662528 16.662528 43.677696 0 60.340224s-43.677696 16.662528-60.340224 0L513.252352 573.592576 251.78112 835.064832c-16.662528 16.662528-43.677696 16.662528-60.3392 0-16.662528-16.662528-16.662528-43.677696 0-60.340224l261.472256-261.472256L191.440896 251.78112c-16.662528-16.662528-16.662528-43.677696 0-60.3392 16.661504-16.662528 43.676672-16.662528 60.3392 0l261.472256 261.472256 261.472256-261.472256c16.662528-16.662528 43.677696-16.662528 60.340224 0 16.662528 16.661504 16.662528 43.676672 0 60.3392L573.592576 513.252352z"
              />
            </svg>
          </span>
        </div>
      </div>
      <div
        class="fnx-uploader__preview"
      >
        <span
          class="fnx-image fnx-uploader__preview-image"
        >
          <img
            class="fnx-image__img"
            src="https://upload.com/foo.txt"
            style="object-fit: cover;"
          />
          <span
            class="fnx-image__loading"
          >
            <span
              class="fnx-icon"
            >
              <svg
                aria-hidden="true"
                fill="currentColor"
                focusable="false"
                height="1em"
                viewBox="0 0 1024 1024"
                width="1em"
              >
                <path
                  d="M312.916992 284.422144c-47.104 0-85.332992 38.228992-85.332992 85.332992s38.228992 85.332992 85.332992 85.332992 85.334016-38.228992 85.334016-85.332992-38.230016-85.332992-85.334016-85.332992m356.665344 51.10784c-22.868992-26.73664-64.340992-26.452992-86.868992 0.626688L341.332992 625.77664l-73.499648-73.556992c-22.244352-22.243328-58.25536-22.243328-80.498688 0l-73.556992 73.556992V227.555328H910.22336v388.721664l-240.64-280.745984z m240.64-164.864H113.77664c-31.403008 0-56.88832 25.430016-56.88832 56.889344v568.88832c0 31.403008 25.485312 56.889344 56.88832 56.889344H910.22336c31.459328 0 56.88832-25.486336 56.88832-56.88832V227.555328c0-31.459328-25.428992-56.88832-56.88832-56.88832z"
                />
              </svg>
            </span>
          </span>
        </span>
        <div
          class="fnx-uploader__preview-remove"
          role="button"
          tabindex="0"
        >
          <span
            class="fnx-icon fnx-uploader__preview-remove-icon"
          >
            <svg
              aria-hidden="true"
              fill="currentColor"
              focusable="false"
              height="1em"
              viewBox="0 0 1024 1024"
              width="1em"
            >
              <path
                d="M573.592576 513.252352l261.472256 261.472256c16.662528 16.662528 16.662528 43.677696 0 60.340224s-43.677696 16.662528-60.340224 0L513.252352 573.592576 251.78112 835.064832c-16.662528 16.662528-43.677696 16.662528-60.3392 0-16.662528-16.662528-16.662528-43.677696 0-60.340224l261.472256-261.472256L191.440896 251.78112c-16.662528-16.662528-16.662528-43.677696 0-60.3392 16.661504-16.662528 43.676672-16.662528 60.3392 0l261.472256 261.472256 261.472256-261.472256c16.662528-16.662528 43.677696-16.662528 60.340224 0 16.662528 16.661504 16.662528 43.676672 0 60.3392L573.592576 513.252352z"
              />
            </svg>
          </span>
        </div>
      </div>
      <div
        class="fnx-uploader__preview"
      >
        <span
          class="fnx-image fnx-uploader__preview-image"
        >
          <img
            class="fnx-image__img"
            src="https://upload.com/foo.txt"
            style="object-fit: cover;"
          />
          <span
            class="fnx-image__loading"
          >
            <span
              class="fnx-icon"
            >
              <svg
                aria-hidden="true"
                fill="currentColor"
                focusable="false"
                height="1em"
                viewBox="0 0 1024 1024"
                width="1em"
              >
                <path
                  d="M312.916992 284.422144c-47.104 0-85.332992 38.228992-85.332992 85.332992s38.228992 85.332992 85.332992 85.332992 85.334016-38.228992 85.334016-85.332992-38.230016-85.332992-85.334016-85.332992m356.665344 51.10784c-22.868992-26.73664-64.340992-26.452992-86.868992 0.626688L341.332992 625.77664l-73.499648-73.556992c-22.244352-22.243328-58.25536-22.243328-80.498688 0l-73.556992 73.556992V227.555328H910.22336v388.721664l-240.64-280.745984z m240.64-164.864H113.77664c-31.403008 0-56.88832 25.430016-56.88832 56.889344v568.88832c0 31.403008 25.485312 56.889344 56.88832 56.889344H910.22336c31.459328 0 56.88832-25.486336 56.88832-56.88832V227.555328c0-31.459328-25.428992-56.88832-56.88832-56.88832z"
                />
              </svg>
            </span>
          </span>
        </span>
      </div>
      <div
        class="fnx-uploader__upload"
      >
        <span
          class="fnx-icon fnx-uploader__upload-icon"
        >
          <svg
            aria-hidden="true"
            fill="currentColor"
            focusable="false"
            height="1em"
            viewBox="0 0 1024 1024"
            width="1em"
          >
            <path
              d="M550.4 550.4v332.8c0 21.20704-17.19296 38.4-38.4 38.4s-38.4-17.19296-38.4-38.4v-332.8h-332.8c-21.20704 0-38.4-17.19296-38.4-38.4s17.19296-38.4 38.4-38.4h332.8v-332.8c0-21.20704 17.19296-38.4 38.4-38.4s38.4 17.19296 38.4 38.4v332.8h332.8c21.20704 0 38.4 17.19296 38.4 38.4s-17.19296 38.4-38.4 38.4h-332.8z"
            />
          </svg>
        </span>
        <span
          class="fnx-uploader__upload-text"
        >
          Upload
        </span>
        <input
          class="fnx-uploader__input"
          type="file"
        />
      </div>
    </div>
  </div>
</div>
`;
