// Jest Snapshot v1, https://goo.gl/fbAQLP

exports[`<Space/> should render empty space 1`] = `<div />`;
