// Jest Snapshot v1, https://goo.gl/fbAQLP

exports[`<TimePicker/> filter and formatter prop 1`] = `
<div>
  <div
    class="fnx-picker"
    data-testid="picker"
  >
    <div
      class="fnx-picker__toolbar"
    >
      <button
        class="fnx-picker__cancel"
        type="button"
      >
        Cancel
      </button>
      <button
        class="fnx-picker__confirm"
        type="button"
      >
        Confirm
      </button>
    </div>
    <div
      class="fnx-picker__columns"
      style="height: 264px;"
    >
      <div
        class="fnx-picker-column"
      >
        <ul
          class="fnx-picker-column__wrapper"
          style="transform: translate3d(0, 110px, 0);"
        >
          <li
            class="fnx-picker-column__option fnx-picker-column__option--selected"
            role="button"
            style="height: 44px;"
            tabindex="0"
          >
            <div
              class="fnx-ellipsis"
            >
              00 hour
            </div>
          </li>
          <li
            class="fnx-picker-column__option"
            role="button"
            style="height: 44px;"
            tabindex="0"
          >
            <div
              class="fnx-ellipsis"
            >
              05 hour
            </div>
          </li>
          <li
            class="fnx-picker-column__option"
            role="button"
            style="height: 44px;"
            tabindex="0"
          >
            <div
              class="fnx-ellipsis"
            >
              10 hour
            </div>
          </li>
          <li
            class="fnx-picker-column__option"
            role="button"
            style="height: 44px;"
            tabindex="0"
          >
            <div
              class="fnx-ellipsis"
            >
              15 hour
            </div>
          </li>
          <li
            class="fnx-picker-column__option"
            role="button"
            style="height: 44px;"
            tabindex="0"
          >
            <div
              class="fnx-ellipsis"
            >
              20 hour
            </div>
          </li>
        </ul>
      </div>
      <div
        class="fnx-picker-column"
      >
        <ul
          class="fnx-picker-column__wrapper"
          style="transform: translate3d(0, 110px, 0);"
        >
          <li
            class="fnx-picker-column__option fnx-picker-column__option--selected"
            role="button"
            style="height: 44px;"
            tabindex="0"
          >
            <div
              class="fnx-ellipsis"
            >
              00 minute
            </div>
          </li>
          <li
            class="fnx-picker-column__option"
            role="button"
            style="height: 44px;"
            tabindex="0"
          >
            <div
              class="fnx-ellipsis"
            >
              10 minute
            </div>
          </li>
          <li
            class="fnx-picker-column__option"
            role="button"
            style="height: 44px;"
            tabindex="0"
          >
            <div
              class="fnx-ellipsis"
            >
              20 minute
            </div>
          </li>
          <li
            class="fnx-picker-column__option"
            role="button"
            style="height: 44px;"
            tabindex="0"
          >
            <div
              class="fnx-ellipsis"
            >
              30 minute
            </div>
          </li>
          <li
            class="fnx-picker-column__option"
            role="button"
            style="height: 44px;"
            tabindex="0"
          >
            <div
              class="fnx-ellipsis"
            >
              40 minute
            </div>
          </li>
          <li
            class="fnx-picker-column__option"
            role="button"
            style="height: 44px;"
            tabindex="0"
          >
            <div
              class="fnx-ellipsis"
            >
              50 minute
            </div>
          </li>
        </ul>
      </div>
      <div
        class="fnx-picker__mask"
        style="background-size: 100% 110px;"
      />
      <div
        class="fnx-picker__frame fnx-hairline-unset--top-bottom"
        style="height: 44px;"
      />
    </div>
  </div>
</div>
`;
