// Jest Snapshot v1, https://goo.gl/fbAQLP

exports[`<Dialog/> title、width、message、messageAlign props 1`] = `<div />`;

exports[`<Dialog/> useDialog 1`] = `
<div>
  <div>
    <div
      class="fnx-overlay fnx-fade-enter fnx-fade-enter-active"
      style="z-index: 2008;"
    />
    <div
      class="fnx-popup fnx-popup--center fnx-dialog fnx-dialog-bounce-enter fnx-dialog-bounce-enter-active"
      role="dialog"
      style="z-index: 2008;"
    >
      <div
        class="fnx-dialog__header"
      >
        title
      </div>
      <div
        class="fnx-dialog__message fnx-dialog__message--has-header fnx-dialog__message--center"
      >
        message
      </div>
      <div
        class="fnx-hairline--top fnx-dialog__footer"
      >
        <button
          class="fnx-button fnx-button--default fnx-button--md fnx-dialog__confirm"
        >
          <span
            class="fnx-button__content"
          >
            <span
              class="fnx-button__text"
            >
              确定
            </span>
          </span>
        </button>
        <button
          class="fnx-button fnx-button--default fnx-button--md fnx-hairline--left fnx-dialog__cancel"
        >
          <span
            class="fnx-button__content"
          >
            <span
              class="fnx-button__text"
            >
              取消
            </span>
          </span>
        </button>
      </div>
    </div>
  </div>
</div>
`;
