// Jest Snapshot v1, https://goo.gl/fbAQLP

exports[`<Icon/> renders Icons using iconfont 1`] = `
<div>
  <span
    class="fnx-icon"
  >
    <svg
      aria-hidden="true"
      fill="currentColor"
      focusable="false"
      height="1em"
      viewBox="0 0 32 32"
      width="1em"
    >
      <use
        xlink:href="#icon-tuichu"
      />
    </svg>
  </span>
</div>
`;

exports[`<Icon/> renders Icons using path 1`] = `
<div>
  <span
    class="fnx-icon"
  >
    <svg
      aria-hidden="true"
      fill="currentColor"
      focusable="false"
      height="1em"
      viewBox="0 0 1024 1024"
      width="1em"
    >
      <path
        d="M891.215448 714.840276c-24.275862 0-35.133793 19.667862-35.133793 43.926069l-0.088276 58.579862c-6.779586 33.227034-25.811862 46.362483-66.59531 49.716966l-568.125793 0.300138c-35.098483-4.272552-49.558069-17.831724-54.501517-49.469793l0.653241-604.318897c3.742897-32.114759 15.642483-46.962759 46.238897-52.524138l593.672828-0.317793c30.296276 6.249931 44.314483 21.910069 48.904828 54.377931l-0.141241 49.257931c0 24.275862 10.857931 43.926069 35.133793 43.926069 24.240552 0 34.868966-19.667862 34.868966-43.926069l0.300138-93.854897c-2.807172-45.868138-40.448-82.290759-86.987034-82.449655l-658.696828 0.353103C134.144 90.465103 96.926897 128.441379 96.697379 175.457103l0.370759 676.652138c2.065655 45.267862 38.170483 81.37269 83.42069 83.456l649.057103 0.406069 9.533793 0c47.298207 0 85.556966-37.428966 87.463724-84.250483l0.123586-92.936828C926.649379 734.525793 915.456 714.840276 891.215448 714.840276zM706.56 715.105103c11.723034 11.723034 35.169103 15.536552 47.280552 3.425103l165.005241-165.393655c6.426483-6.426483 8.492138-16.384 7.362207-26.07669-0.158897-6.232276-1.959724-12.111448-5.66731-16.807724-1.253517-2.048-2.665931-3.937103-4.272552-5.543724-1.112276-1.094621-2.401103-2.030345-3.707586-2.966069l-158.631724-159.002483c-12.111448-12.111448-36.422621-9.445517-48.145655 2.277517-11.687724 11.723034-14.689103 36.334345-2.577655 48.428138l100.175448 100.404966L542.455172 493.638621c-17.143172 0-39.000276 15.607172-39.000276 35.998897 0 21.53931 21.857103 35.716414 39.000276 35.716414l262.69131 0.211862-102.029241 102.258759C691.005793 679.936 694.81931 703.382069 706.56 715.105103z"
      />
    </svg>
  </span>
</div>
`;

exports[`<Icon/> renders Icons using svg component 1`] = `
<div>
  <span
    class="fnx-icon"
  >
    <svg
      aria-hidden="true"
      fill="currentColor"
      focusable="false"
      height="1em"
      stroke="currentColor"
      viewBox="0 0 1024 1024"
      width="1em"
    >
      <path
        d="M1 12.376l8.8 9.114L30.431 1.568"
        fill="none"
        stroke="currentColor"
        stroke-width="2.6"
      />
    </svg>
  </span>
</div>
`;

exports[`<Icon/> renders Spinner correctly 1`] = `
<div>
  <span
    class="fnx-icon"
  >
    <svg
      aria-hidden="true"
      class="fnx-icon__spinner"
      fill="currentColor"
      focusable="false"
      height="1em"
      viewBox="25 25 50 50"
      width="1em"
    >
      <circle
        cx="50"
        cy="50"
        fill="none"
        r="20"
      />
    </svg>
  </span>
</div>
`;

exports[`<Icon/> should render children correctly 1`] = `
<div>
  <span
    class="fnx-icon"
  >
    <svg
      aria-hidden="true"
      fill="currentColor"
      focusable="false"
      height="1em"
      viewBox="0 0 1024 1024"
      width="1em"
    >
      <path
        d="M512 64C264.6 64 64 264.6 64 512s200.6 448 448 448 448-200.6 448-448S759.4 64 512 64zm0 820c-205.4 0-372-166.6-372-372s166.6-372 372-372 372 166.6 372 372-166.6 372-372 372z"
      />
    </svg>
  </span>
</div>
`;

exports[`<Icon/> should render name correctly 1`] = `
<div>
  <span
    class="fnx-icon"
  >
    <svg
      aria-hidden="true"
      fill="currentColor"
      focusable="false"
      height="1em"
      viewBox="0 0 1024 1024"
      width="1em"
    >
      <path
        d="M122.28096 536.623104c-9.940992-9.925632-11.548672-25.360384-2.78528-36.407296l20.487168-25.828352c8.397824-10.58816 24.108032-13.246464 35.211264-5.835776l177.3312 118.35904c9.353216 6.243328 25.452544 5.430272 34.185216-1.654784l468.5824-380.16c10.532864-8.54528 27.030528-7.817216 36.261888 1.400832l11.542528 11.52512c10.04544 10.03008 9.314304 25.951232-1.215488 36.465664l-502.92736 502.183936c-15.64672 15.624192-41.337856 14.94016-57.445376-1.142784l-219.22816-218.9056z"
      />
    </svg>
  </span>
  <span
    class="fnx-icon"
  >
    <svg
      aria-hidden="true"
      fill="currentColor"
      focusable="false"
      height="1em"
      viewBox="0 0 1024 1024"
      width="1em"
    >
      <path
        d="M455.12192 128.99328c-0.187392-8.402944 5.812224-15.215616 14.620672-15.215616h84.514816c8.262656 0 14.81728 6.38976 14.620672 15.21664l-12.035072 538.456064c-0.187392 8.403968-7.324672 15.21664-15.03744 15.21664h-59.611136c-8.117248 0-14.839808-6.38976-15.03744-15.21664L455.12192 128.99328zM512 853.334016c-31.418368 0-56.889344-25.469952-56.889344-56.88832 0-31.419392 25.470976-56.889344 56.889344-56.889344s56.889344 25.469952 56.889344 56.889344c0 31.418368-25.470976 56.88832-56.889344 56.88832z"
      />
    </svg>
  </span>
</div>
`;

exports[`<Icon/> should render size correctly 1`] = `
<div>
  <span
    class="fnx-icon"
    style="font-size: 24px;"
  >
    <svg
      aria-hidden="true"
      fill="currentColor"
      focusable="false"
      height="1em"
      viewBox="0 0 1024 1024"
      width="1em"
    >
      <path
        d="M122.28096 536.623104c-9.940992-9.925632-11.548672-25.360384-2.78528-36.407296l20.487168-25.828352c8.397824-10.58816 24.108032-13.246464 35.211264-5.835776l177.3312 118.35904c9.353216 6.243328 25.452544 5.430272 34.185216-1.654784l468.5824-380.16c10.532864-8.54528 27.030528-7.817216 36.261888 1.400832l11.542528 11.52512c10.04544 10.03008 9.314304 25.951232-1.215488 36.465664l-502.92736 502.183936c-15.64672 15.624192-41.337856 14.94016-57.445376-1.142784l-219.22816-218.9056z"
      />
    </svg>
  </span>
  <span
    class="fnx-icon"
    style="font-size: 3rem;"
  >
    <svg
      aria-hidden="true"
      fill="currentColor"
      focusable="false"
      height="1em"
      viewBox="0 0 1024 1024"
      width="1em"
    >
      <path
        d="M122.28096 536.623104c-9.940992-9.925632-11.548672-25.360384-2.78528-36.407296l20.487168-25.828352c8.397824-10.58816 24.108032-13.246464 35.211264-5.835776l177.3312 118.35904c9.353216 6.243328 25.452544 5.430272 34.185216-1.654784l468.5824-380.16c10.532864-8.54528 27.030528-7.817216 36.261888 1.400832l11.542528 11.52512c10.04544 10.03008 9.314304 25.951232-1.215488 36.465664l-502.92736 502.183936c-15.64672 15.624192-41.337856 14.94016-57.445376-1.142784l-219.22816-218.9056z"
      />
    </svg>
  </span>
</div>
`;
